node.exe : npm warn 
Unknown cli config 
"--run". This will 
stop working in the 
next major version 
of npm.
At C:\Program Files\
nodejs\npm.ps1:29 
char:3
+   & $NODE_EXE 
$NPM_CLI_JS $args
+   ~~~~~~~~~~~~~~~~
~~~~~~~~~~~~~
    + CategoryInfo  
            : NotS  
  pecified: (npm    
 warn Unknow...v    
ersion of npm.:    
String) [], Rem    
oteException
    + FullyQualifie 
   dErrorId : Nati  
  veCommandError
 

> frontend@0.0.0 test
> vitest


[1m[44m DEV [49m[22m [34mv4.1.0 [39m[90mC:/Users/deepa.DESKTOP-17A8IID/Downloads/procj/frontend[39m

 [31mΓ¥»[39m src/components/Editor/CodeEditor.test.jsx [2m([22m[2m5 tests[22m[2m | [22m[31m2 failed[39m[2m)[22m[32m 162[2mms[22m[39m
[31m     [31m├ù[31m renders the editor with file content[39m[32m 28[2mms[22m[39m
     [32mΓ£ô[39m displays the language hint correctly[32m 6[2mms[22m[39m
     [32mΓ£ô[39m renders the Save button[32m 104[2mms[22m[39m
     [32mΓ£ô[39m shows saving status on save button click[32m 18[2mms[22m[39m
[31m     [31m├ù[31m shows saved status when save-doc event is received[39m[32m 4[2mms[22m[39m

[31mΓÄ»ΓÄ»ΓÄ»ΓÄ»ΓÄ»
ΓÄ»ΓÄ»[39m[1m[41m
 Failed Tests 2 [49
m[22m[31mΓÄ»ΓÄ»ΓÄ»
ΓÄ»ΓÄ»ΓÄ»ΓÄ»[39m

[41m[1m FAIL 
[22m[49m src/compo
nents/Editor/CodeEdi
tor.test.jsx[2m > 
[22mCodeEditor 
Component[2m > 
[22mrenders the 
editor with file 
content
[31m[1mAssertionEr
ror[22m: expected 
'' to be 'console.lo
g("hello");' // 
Object.is 
equality[39m

[32m- Expected[39m
[31m+ Received[39m

[32m- console.log("
hello");[39m

[36m [2mΓ¥»[22m s
rc/components/Editor
/CodeEditor.test.jsx
:[2m41:26[22m[39m
    [90m 39|[39m  
   [35mconst[39m 
editor [33m=[39m s
creen[33m.[39m[34
mgetByTestId[39m([
32m'monaco-editor'[
39m)[33m;[39m
    [90m 40|[39m  
   [34mexpect[39m(
editor)[33m.[39m[
34mtoBeInTheDocument
[39m()[33m;[39m
    [90m 41|[39m  
   [34mexpect[39m(
editor[33m.[39mval
ue)[33m.[39m[34mt
oBe[39m(mockFile[3
3m.[39mcontent)[33
m;[39m
    [90m   |[39m  
                    
    [31m^[39m
    [90m 42|[39m  
 })[33m;[39m
    [90m 43|[39m

[31m[2mΓÄ»ΓÄ»ΓÄ»ΓÄ
»ΓÄ»ΓÄ»ΓÄ»ΓÄ»ΓÄ»ΓÄ»Γ
Ä»ΓÄ»ΓÄ»ΓÄ»ΓÄ»ΓÄ»ΓÄ»
ΓÄ»ΓÄ»ΓÄ»ΓÄ»ΓÄ»ΓÄ»ΓÄ
»[1/2]ΓÄ»[22m[39m

[41m[1m FAIL 
[22m[49m src/compo
nents/Editor/CodeEdi
tor.test.jsx[2m > 
[22mCodeEditor 
Component[2m > 
[22mshows saved 
status when 
save-doc event is 
received
[31m[1mTestingLibr
aryElementError[22m
: Unable to find an 
element with the 
text: /saved/i. 
This could be 
because the text is 
broken up by 
multiple elements. 
In this case, you 
can provide a 
function for your 
text matcher to 
make your matcher 
more flexible.

Ignored nodes: 
comments, script, 
style
[36m<body>[31m
  [36m<div>[31m
    [36m<div[31m
      [33mclass[31
m=[32m"flex-1 
h-full relative 
bg-[#0d1117]"[31m
    [36m>[31m
      [36m<div[31m
        [33mclass[
31m=[32m"absolute 
top-0 right-0 z-10 
p-2 flex 
items-center 
gap-2"[31m
      [36m>[31m
        
[36m<button[31m
          [33mclass
[31m=[32m"text-xs 
bg-indigo-600 
hover:bg-indigo-700 
text-white px-3 
py-1 rounded shadow 
transition-colors 
font-medium border 
border-indigo-500 di
sabled:opacity-50"[
31m
        [36m>[31m
          
[0mSave[0m
        
[36m</button>[31m
        
[36m<span[31m
          [33mclass
[31m=[32m"text-xs 
bg-slate-800 
text-slate-400 px-2 
py-1 rounded shadow 
pointer-events-none 
border border-slate-
700"[31m
        [36m>[31m
          
[0mjavascript[0m
        
[36m</span>[31m
      
[36m</div>[31m
      
[36m<textarea[31m
        [33mdata-te
stid[31m=[32m"mona
co-editor"[31m
      [36m/>[31m
    [36m</div>[31m
  [36m</div>[31m
[36m</body>[31m[3
9m
[90m [2mΓ¥»[22m O
bject.getElementErro
r node_modules/@test
ing-library/dom/dist
/config.js:[2m37:19
[22m[39m
[90m [2mΓ¥»[22m n
ode_modules/@testing
-library/dom/dist/qu
ery-helpers.js:[2m7
6:38[22m[39m
[90m [2mΓ¥»[22m n
ode_modules/@testing
-library/dom/dist/qu
ery-helpers.js:[2m5
2:17[22m[39m
[90m [2mΓ¥»[22m n
ode_modules/@testing
-library/dom/dist/qu
ery-helpers.js:[2m9
5:19[22m[39m
[36m [2mΓ¥»[22m s
rc/components/Editor
/CodeEditor.test.jsx
:[2m78:19[22m[39m
    [90m 76|[39m  
   })[33m;[39m
    [90m 77|[39m
    [90m 78|[39m  
   [34mexpect[39m(
screen[33m.[39m[3
4mgetByText[39m([3
6m/saved/i[39m))[3
3m.[39m[34mtoBeInT
heDocument[39m()[3
3m;[39m
    [90m   |[39m  
                 
[31m^[39m
    [90m 79|[39m  
 })[33m;[39m
    [90m 80|[39m 
})[33m;[39m

[31m[2mΓÄ»ΓÄ»ΓÄ»ΓÄ
»ΓÄ»ΓÄ»ΓÄ»ΓÄ»ΓÄ»ΓÄ»Γ
Ä»ΓÄ»ΓÄ»ΓÄ»ΓÄ»ΓÄ»ΓÄ»
ΓÄ»ΓÄ»ΓÄ»ΓÄ»ΓÄ»ΓÄ»ΓÄ
»[2/2]ΓÄ»[22m[39m


[2m Test Files [22m [1m[31m1 failed[39m[22m[90m (1)[39m
[2m      Tests [22m [1m[31m2 failed[39m[22m[2m | [22m[1m[32m3 passed[39m[22m[90m (5)[39m
[2m   Start at [22m 15:03:11
[2m   Duration [22m 1.34s[2m (transform 50ms, setup 88ms, import 119ms, tests 162ms, environment 820ms)[22m

[1m[41m FAIL [49m[22m [31mTests failed. Watching for file changes...[39m
       [2mpress [22m[1mh[22m[2m to show help[22m[2m, [22m[2mpress [22m[1mq[22m[2m to quit[22m
c[3J[1m[44m RERUN [49m[22m [34m[2msrc/components/Editor/CodeEditor.test.jsx [22m[34mx1 [34m[39m

 [31mΓ¥»[39m src/components/Editor/CodeEditor.test.jsx [2m([22m[2m5 tests[22m[2m | [22m[31m5 failed[39m[2m)[22m[32m 47[2mms[22m[39m
[31m     [31m├ù[31m renders the editor with file content[39m[32m 25[2mms[22m[39m
[31m     [31m├ù[31m displays the language hint correctly[39m[32m 5[2mms[22m[39m
[31m     [31m├ù[31m renders the Save button[39m[32m 4[2mms[22m[39m
[31m     [31m├ù[31m shows saving status on save button click[39m[32m 5[2mms[22m[39m
[31m     [31m├ù[31m shows saved status when save-doc event is received[39m[32m 4[2mms[22m[39m

[31mΓÄ»ΓÄ»ΓÄ»ΓÄ»ΓÄ»
ΓÄ»ΓÄ»[39m[1m[41m
 Failed Tests 5 [49
m[22m[31mΓÄ»ΓÄ»ΓÄ»
ΓÄ»ΓÄ»ΓÄ»ΓÄ»[39m

[41m[1m FAIL 
[22m[49m src/compo
nents/Editor/CodeEdi
tor.test.jsx[2m > 
[22mCodeEditor 
Component[2m > 
[22mrenders the 
editor with file 
content
[41m[1m FAIL 
[22m[49m src/compo
nents/Editor/CodeEdi
tor.test.jsx[2m > 
[22mCodeEditor 
Component[2m > 
[22mdisplays the 
language hint 
correctly
[41m[1m FAIL 
[22m[49m src/compo
nents/Editor/CodeEdi
tor.test.jsx[2m > 
[22mCodeEditor 
Component[2m > 
[22mrenders the 
Save button
[41m[1m FAIL 
[22m[49m src/compo
nents/Editor/CodeEdi
tor.test.jsx[2m > 
[22mCodeEditor 
Component[2m > 
[22mshows saving 
status on save 
button click
[41m[1m FAIL 
[22m[49m src/compo
nents/Editor/CodeEdi
tor.test.jsx[2m > 
[22mCodeEditor 
Component[2m > 
[22mshows saved 
status when 
save-doc event is 
received
[31m[1mReferenceEr
ror[22m: React is 
not defined[39m
[36m [2mΓ¥»[22m 
default src/componen
ts/Editor/CodeEditor
.test.jsx:[2m12:7[
22m[39m
    [90m 10|[39m
    [90m 11|[39m  
     [90m// 
Simulate onMount 
after initial 
render[39m
    [90m 12|[39m  
     [33mReact[39m
[33m.[39m[34museE
ffect[39m(() 
[33m=>[39m {
    [90m   |[39m  
     [31m^[39m
    [90m 13|[39m  
       [35mif[39m 
(onMount) {
    [90m 14|[39m  
         
[35mconst[39m 
mockEditor 
[33m=[39m {
[90m [2mΓ¥»[22m O
bject.react_stack_bo
ttom_frame node_modu
les/react-dom/cjs/re
act-dom-client.devel
opment.js:[2m25904:
20[22m[39m
[90m [2mΓ¥»[22m 
renderWithHooks node
_modules/react-dom/c
js/react-dom-client.
development.js:[2m7
662:22[22m[39m
[90m [2mΓ¥»[22m u
pdateFunctionCompone
nt node_modules/reac
t-dom/cjs/react-dom-
client.development.j
s:[2m10166:19[22m
[39m
[90m [2mΓ¥»[22m 
beginWork node_modul
es/react-dom/cjs/rea
ct-dom-client.develo
pment.js:[2m11778:1
8[22m[39m
[90m [2mΓ¥»[22m 
runWithFiberInDEV no
de_modules/react-dom
/cjs/react-dom-clien
t.development.js:[2
m874:13[22m[39m
[90m [2mΓ¥»[22m 
performUnitOfWork no
de_modules/react-dom
/cjs/react-dom-clien
t.development.js:[2
m17641:22[22m[39m
[90m [2mΓ¥»[22m 
workLoopSync node_mo
dules/react-dom/cjs/
react-dom-client.dev
elopment.js:[2m1746
9:41[22m[39m
[90m [2mΓ¥»[22m 
renderRootSync node_
modules/react-dom/cj
s/react-dom-client.d
evelopment.js:[2m17
450:11[22m[39m
[90m [2mΓ¥»[22m 
performWorkOnRoot no
de_modules/react-dom
/cjs/react-dom-clien
t.development.js:[2
m16583:35[22m[39m

[31m[2mΓÄ»ΓÄ»ΓÄ»ΓÄ
»ΓÄ»ΓÄ»ΓÄ»ΓÄ»ΓÄ»ΓÄ»Γ
Ä»ΓÄ»ΓÄ»ΓÄ»ΓÄ»ΓÄ»ΓÄ»
ΓÄ»ΓÄ»ΓÄ»ΓÄ»ΓÄ»ΓÄ»ΓÄ
»[1/5]ΓÄ»[22m[39m


[2m Test Files [22m [1m[31m1 failed[39m[22m[90m (1)[39m
[2m      Tests [22m [1m[31m5 failed[39m[22m[90m (5)[39m
[2m   Start at [22m 15:04:11
[2m   Duration [22m 282ms

[1m[41m FAIL [49m[22m [31mTests failed. Watching for file changes...[39m
       [2mpress [22m[1mh[22m[2m to show help[22m[2m, [22m[2mpress [22m[1mq[22m[2m to quit[22m
c[3J[1m[44m RERUN [49m[22m [34m[2msrc/components/Editor/CodeEditor.test.jsx [22m[34mx2 [34m[39m

 [31mΓ¥»[39m src/components/Editor/CodeEditor.test.jsx [2m([22m[2m5 tests[22m[2m | [22m[31m5 failed[39m[2m)[22m[32m 38[2mms[22m[39m
[31m     [31m├ù[31m renders the editor[39m[32m 26[2mms[22m[39m
[31m     [31m├ù[31m displays the language hint correctly[39m[32m 4[2mms[22m[39m
[31m     [31m├ù[31m renders the Save button[39m[32m 3[2mms[22m[39m
[31m     [31m├ù[31m shows saving status on save button click[39m[32m 2[2mms[22m[39m
[31m     [31m├ù[31m shows saved status when save-doc event is received[39m[32m 2[2mms[22m[39m

[31mΓÄ»ΓÄ»ΓÄ»ΓÄ»ΓÄ»
ΓÄ»ΓÄ»[39m[1m[41m
 Failed Tests 5 [49
m[22m[31mΓÄ»ΓÄ»ΓÄ»
ΓÄ»ΓÄ»ΓÄ»ΓÄ»[39m

[41m[1m FAIL 
[22m[49m src/compo
nents/Editor/CodeEdi
tor.test.jsx[2m > 
[22mCodeEditor 
Component[2m > 
[22mrenders the 
editor
[41m[1m FAIL 
[22m[49m src/compo
nents/Editor/CodeEdi
tor.test.jsx[2m > 
[22mCodeEditor 
Component[2m > 
[22mdisplays the 
language hint 
correctly
[41m[1m FAIL 
[22m[49m src/compo
nents/Editor/CodeEdi
tor.test.jsx[2m > 
[22mCodeEditor 
Component[2m > 
[22mrenders the 
Save button
[41m[1m FAIL 
[22m[49m src/compo
nents/Editor/CodeEdi
tor.test.jsx[2m > 
[22mCodeEditor 
Component[2m > 
[22mshows saving 
status on save 
button click
[41m[1m FAIL 
[22m[49m src/compo
nents/Editor/CodeEdi
tor.test.jsx[2m > 
[22mCodeEditor 
Component[2m > 
[22mshows saved 
status when 
save-doc event is 
received
[31m[1mTypeError[
22m: editorRef.curre
nt.deltaDecorations 
is not a 
function[39m
[36m [2mΓ¥»[22m 
updateDecorations sr
c/components/Editor/
CodeEditor.jsx:[2m6
2:48[22m[39m
    [90m 60|[39m  
   }
    [90m 61|[39m
    [90m 62|[39m  
   decorationsRef[3
3m.[39mcurrent 
[33m=[39m editorRe
f[33m.[39mcurrent
[33m.[39m[34mdelta
Decorations[39m(
    [90m   |[39m  
                    
                    
      [31m^[39m
    [90m 63|[39m  
     decorationsRef
[33m.[39mcurrent[3
3m,[39m
    [90m 64|[39m  
     newDecorations
[90m [2mΓ¥»[22m s
rc/components/Editor
/CodeEditor.jsx:[2m
37:7[22m[39m
[90m [2mΓ¥»[22m O
bject.react_stack_bo
ttom_frame node_modu
les/react-dom/cjs/re
act-dom-client.devel
opment.js:[2m25989:
20[22m[39m
[90m [2mΓ¥»[22m 
runWithFiberInDEV no
de_modules/react-dom
/cjs/react-dom-clien
t.development.js:[2
m874:13[22m[39m
[90m [2mΓ¥»[22m c
ommitHookEffectListM
ount node_modules/re
act-dom/cjs/react-do
m-client.development
.js:[2m13249:29[22
m[39m
[90m [2mΓ¥»[22m c
ommitHookPassiveMoun
tEffects node_module
s/react-dom/cjs/reac
t-dom-client.develop
ment.js:[2m13336:11
[22m[39m
[90m [2mΓ¥»[22m c
ommitPassiveMountOnF
iber node_modules/re
act-dom/cjs/react-do
m-client.development
.js:[2m15484:13[22
m[39m
[90m [2mΓ¥»[22m r
ecursivelyTraversePa
ssiveMountEffects no
de_modules/react-dom
/cjs/react-dom-clien
t.development.js:[2
m15439:11[22m[39m
[90m [2mΓ¥»[22m c
ommitPassiveMountOnF
iber node_modules/re
act-dom/cjs/react-do
m-client.development
.js:[2m15519:11[22
m[39m
[90m [2mΓ¥»[22m 
flushPassiveEffects 
node_modules/react-d
om/cjs/react-dom-cli
ent.development.js:
[2m18432:9[22m[39m

[31m[2mΓÄ»ΓÄ»ΓÄ»ΓÄ
»ΓÄ»ΓÄ»ΓÄ»ΓÄ»ΓÄ»ΓÄ»Γ
Ä»ΓÄ»ΓÄ»ΓÄ»ΓÄ»ΓÄ»ΓÄ»
ΓÄ»ΓÄ»ΓÄ»ΓÄ»ΓÄ»ΓÄ»ΓÄ
»[1/5]ΓÄ»[22m[39m


[2m Test Files [22m [1m[31m1 failed[39m[22m[90m (1)[39m
[2m      Tests [22m [1m[31m5 failed[39m[22m[90m (5)[39m
[2m   Start at [22m 15:04:20
[2m   Duration [22m 232ms

[1m[41m FAIL [49m[22m [31mTests failed. Watching for file changes...[39m
       [2mpress [22m[1mh[22m[2m to show help[22m[2m, [22m[2mpress [22m[1mq[22m[2m to quit[22m
npm error A 
complete log of 
this run can be 
found in: C:\Users\d
eepa.DESKTOP-17A8IID
\AppData\Local\npm-c
ache\_logs\2026-03-1
8T09_33_10_683Z-debu
g-0.log
